================================================================================
TESTING CROP RECOMMENDATIONS FOR DIFFERENT LOCATIONS
================================================================================

≡ƒôì **Salem (Interior Red Loam)** (11.627, 78.149)
--------------------------------------------------------------------------------
District: Salem
Soil Type: Red loamy
pH: 6.8, Clay: 28%, Sand: 36%
Rainfall: 980mm

Γ£à TOP 5 RECOMMENDED CROPS:
   1. Cotton (excellent)
   2. Maize (excellent)
   3. Groundnut (excellent)
   4. Pulses (Red gram) (good)
   5. Finger Millet (Ragi) (good)

Soil Summary:
   pH: 6.8
   Clay: 28%
   Sand: 36%

≡ƒôì **Chennai (Coastal Sandy)** (13.0827, 80.2707)
--------------------------------------------------------------------------------
District: Chennai
Soil Type: Coastal alluvium, sandy
pH: 7.5, Clay: 15%, Sand: 58%
Rainfall: 1400mm

Γ£à TOP 5 RECOMMENDED CROPS:
   1. Coconut (excellent)
   2. Cashew (excellent)
   3. Groundnut (good)
   4. Pulses (Black gram) (good)
   5. Casuarina (excellent)

Soil Summary:
   pH: 7.5
   Clay: 15%
   Sand: 58%

≡ƒôì **Coimbatore (Black Cotton)** (11.0168, 76.9558)
--------------------------------------------------------------------------------
District: Coimbatore
Soil Type: Black cotton soil
pH: 7.8, Clay: 43%, Sand: 27%
Rainfall: 700mm

Γ£à TOP 5 RECOMMENDED CROPS:
   1. Cotton (excellent)
   2. Sugarcane (excellent)
   3. Turmeric (excellent)
   4. Maize (excellent)
   5. Vegetables (Cabbage, Cauliflower) (good)

Soil Summary:
   pH: 7.8
   Clay: 43%
   Sand: 27%

≡ƒôì **Thanjavur (Delta Rice Bowl)** (10.79, 79.14)
--------------------------------------------------------------------------------
District: Thanjavur
Soil Type: Alluvial, clayey (Cauvery Delta)
pH: 7.4, Clay: 32%, Sand: 38%
Rainfall: 950mm

Γ£à TOP 5 RECOMMENDED CROPS:
   1. Rice (Paddy) (excellent)
   2. Sugarcane (excellent)
   3. Banana (good)
   4. Pulses (Black gram) (good)

Soil Summary:
   pH: 7.4
   Clay: 32%
   Sand: 38%

≡ƒôì **Nilgiris (Hill Tea/Coffee)** (11.41, 76.7)
--------------------------------------------------------------------------------
District: Nilgiris
Soil Type: Laterite, forest loam
pH: 5.8, Clay: 22%, Sand: 45%
Rainfall: 1800mm

Γ£à TOP 5 RECOMMENDED CROPS:
   1. Tea (excellent)
   2. Coffee (Arabica) (excellent)
   3. Potato (excellent)
   4. Vegetables (Carrot, Cabbage) (excellent)
   5. Spices (Cardamom, Pepper) (good)

Soil Summary:
   pH: 5.8
   Clay: 22%
   Sand: 45%

================================================================================
TEST COMPLETE - Check if recommendations differ by location
================================================================================
